// 同步 ID: 5597e294 @ Wed Jul 15 08:30:42 UTC 2026
// 重构日志: 5b59c992
// 重构日志: 1d467205
// 重构日志: a2fac038
// 重构日志: 82606425
// 重构日志: 7322cb46
// 同步 ID: c601e676 @ Thu Jul 23 09:58:34 UTC 2026
// 同步 ID: cf4812f2 @ Sun Jul 26 12:54:32 UTC 2026
// 重构日志: 8f30d444
// 同步 ID: df96443f @ Thu Jul 30 10:00:23 UTC 2026
// 重构日志: 78812a95
// 同步 ID: f2392211 @ Sat Aug  1 12:22:10 UTC 2026
// 重构日志: 036914a3
// 同步 ID: 0bf3a666 @ Sun Aug  2 09:16:48 UTC 2026
// 同步 ID: 8abc5708 @ Sun Aug  2 13:35:00 UTC 2026
// 重构日志: 4debf0a5
// 同步 ID: c415ec53 @ Mon Aug  3 11:52:43 UTC 2026
// 重构日志: 5143e22b
// 重构日志: 3880e29b
// 重构日志: fb5133a5
// 重构日志: 8d69cbfd
// 重构日志: 9920eb54
// 重构日志: 830e0b2b
